// Jest Snapshot v1, https://goo.gl/fbAQLP

exports[`<ErrorBox /> should render error box correctly 1`] = `
.c2 {
  display: -webkit-box;
  display: -webkit-flex;
  display: -ms-flexbox;
  display: flex;
  -webkit-align-items: center;
  -webkit-box-align: center;
  -ms-flex-align: center;
  align-items: center;
  -webkit-box-pack: center;
  -webkit-justify-content: center;
  -ms-flex-pack: center;
  justify-content: center;
  background: #C3CBD5;
  border-radius: 50%;
  width: 11.4rem;
  height: 11.4rem;
  overflow: hidden;
}

.c4 {
  width: 22.8rem;
  height: 22.8rem;
  -webkit-transform: scale(1);
  -ms-transform: scale(1);
  transform: scale(1);
  object-fit: cover;
}

.c0 {
  display: grid;
  grid-template-columns: 11.4rem 1fr;
  grid-gap: 3.2rem;
  -webkit-align-items: center;
  -webkit-box-align: center;
  -ms-flex-align: center;
  align-items: center;
}

.c1 .c3 {
  width: auto;
  height: auto;
}

.c5 {
  display: -webkit-box;
  display: -webkit-flex;
  display: -ms-flexbox;
  display: flex;
  -webkit-flex-direction: column;
  -ms-flex-direction: column;
  flex-direction: column;
}

.c6 {
  color: #C64D32;
  font-size: 1.6rem;
  -webkit-letter-spacing: -0.02em;
  -moz-letter-spacing: -0.02em;
  -ms-letter-spacing: -0.02em;
  letter-spacing: -0.02em;
  line-height: 180%;
}

.c7 {
  width: -webkit-fit-content;
  width: -moz-fit-content;
  width: fit-content;
  font-family: Inter,-apple-system,BlinkMacSystemFont,'Segoe UI',Roboto,Oxygen,Ubuntu,Cantarell,'Open Sans','Helvetica Neue',sans-serif;
  border: 0;
  background: none;
  line-height: 180%;
  color: #3D485F;
  font-size: 1.6rem;
  font-weight: 500;
  -webkit-letter-spacing: -0.02em;
  -moz-letter-spacing: -0.02em;
  -ms-letter-spacing: -0.02em;
  letter-spacing: -0.02em;
  -webkit-text-decoration-line: underline;
  text-decoration-line: underline;
}

.c7:hover {
  cursor: pointer;
}

<div
  class="c0 c1"
>
  <div
    class="c2"
  >
    <img
      alt="exclamation point"
      class="c3 c4"
      src="info.svg"
    />
  </div>
  <div
    class="c5"
  >
    <p
      class="c6"
    >
      Sorry, the upload failed.
    </p>
    <button
      class="c7"
      type="button"
    >
      Try again
    </button>
  </div>
</div>
`;
